Analysis & Synthesis report for Topo
Tue Jun 25 00:56:32 2024
Quartus II 64-Bit Version 13.1.0 Build 162 10/23/2013 SJ Web Edition


---------------------
; Table of Contents ;
---------------------
  1. Legal Notice
  2. Analysis & Synthesis Summary
  3. Analysis & Synthesis Settings
  4. Parallel Compilation
  5. Analysis & Synthesis Source Files Read
  6. Analysis & Synthesis Resource Usage Summary
  7. Analysis & Synthesis Resource Utilization by Entity
  8. State Machine - |Topo|Controle:U1_FSM|state
  9. Registers Removed During Synthesis
 10. Removed Registers Triggering Further Register Optimizations
 11. General Register Statistics
 12. Multiplexer Restructuring Statistics (Restructuring Performed)
 13. Port Connectivity Checks: "Datapath:U0_DP|Mux4x1_4bits:MUX10"
 14. Port Connectivity Checks: "Datapath:U0_DP|Mux2x1_7bits:MUX8"
 15. Port Connectivity Checks: "Datapath:U0_DP|Mux2x1_7bits:MUX6"
 16. Port Connectivity Checks: "Datapath:U0_DP|Mux2x1_7bits:MUX5"
 17. Port Connectivity Checks: "Datapath:U0_DP|Mux2x1_7bits:MUX4"
 18. Port Connectivity Checks: "Datapath:U0_DP|Mux2x1_7bits:MUX2"
 19. Port Connectivity Checks: "Datapath:U0_DP|Dec7seg:DEC0"
 20. Port Connectivity Checks: "Datapath:U0_DP|Mux2x1_7bits:MUX1"
 21. Port Connectivity Checks: "Datapath:U0_DP|Mux2x1_7bits:MUX0"
 22. Port Connectivity Checks: "Datapath:U0_DP"
 23. Elapsed Time Per Partition
 24. Analysis & Synthesis Messages



----------------
; Legal Notice ;
----------------
Copyright (C) 1991-2013 Altera Corporation
Your use of Altera Corporation's design tools, logic functions 
and other software and tools, and its AMPP partner logic 
functions, and any output files from any of the foregoing 
(including device programming or simulation files), and any 
associated documentation or information are expressly subject 
to the terms and conditions of the Altera Program License 
Subscription Agreement, Altera MegaCore Function License 
Agreement, or other applicable license agreement, including, 
without limitation, that your use is for the sole purpose of 
programming logic devices manufactured by Altera and sold by 
Altera or its authorized distributors.  Please refer to the 
applicable agreement for further details.



+---------------------------------------------------------------------------------+
; Analysis & Synthesis Summary                                                    ;
+------------------------------------+--------------------------------------------+
; Analysis & Synthesis Status        ; Successful - Tue Jun 25 00:56:32 2024      ;
; Quartus II 64-Bit Version          ; 13.1.0 Build 162 10/23/2013 SJ Web Edition ;
; Revision Name                      ; Topo                                       ;
; Top-level Entity Name              ; Topo                                       ;
; Family                             ; Cyclone III                                ;
; Total logic elements               ; 2                                          ;
;     Total combinational functions  ; 1                                          ;
;     Dedicated logic registers      ; 2                                          ;
; Total registers                    ; 2                                          ;
; Total pins                         ; 67                                         ;
; Total virtual pins                 ; 0                                          ;
; Total memory bits                  ; 0                                          ;
; Embedded Multiplier 9-bit elements ; 0                                          ;
; Total PLLs                         ; 0                                          ;
+------------------------------------+--------------------------------------------+


+----------------------------------------------------------------------------------------------------------------------+
; Analysis & Synthesis Settings                                                                                        ;
+----------------------------------------------------------------------------+--------------------+--------------------+
; Option                                                                     ; Setting            ; Default Value      ;
+----------------------------------------------------------------------------+--------------------+--------------------+
; Device                                                                     ; EP3C16F484C6       ;                    ;
; Top-level entity name                                                      ; Topo               ; Topo               ;
; Family name                                                                ; Cyclone III        ; Cyclone IV GX      ;
; Use smart compilation                                                      ; Off                ; Off                ;
; Enable parallel Assembler and TimeQuest Timing Analyzer during compilation ; On                 ; On                 ;
; Enable compact report table                                                ; Off                ; Off                ;
; Restructure Multiplexers                                                   ; Auto               ; Auto               ;
; Create Debugging Nodes for IP Cores                                        ; Off                ; Off                ;
; Preserve fewer node names                                                  ; On                 ; On                 ;
; Disable OpenCore Plus hardware evaluation                                  ; Off                ; Off                ;
; Verilog Version                                                            ; Verilog_2001       ; Verilog_2001       ;
; VHDL Version                                                               ; VHDL_1993          ; VHDL_1993          ;
; State Machine Processing                                                   ; Auto               ; Auto               ;
; Safe State Machine                                                         ; Off                ; Off                ;
; Extract Verilog State Machines                                             ; On                 ; On                 ;
; Extract VHDL State Machines                                                ; On                 ; On                 ;
; Ignore Verilog initial constructs                                          ; Off                ; Off                ;
; Iteration limit for constant Verilog loops                                 ; 5000               ; 5000               ;
; Iteration limit for non-constant Verilog loops                             ; 250                ; 250                ;
; Add Pass-Through Logic to Inferred RAMs                                    ; On                 ; On                 ;
; Infer RAMs from Raw Logic                                                  ; On                 ; On                 ;
; Parallel Synthesis                                                         ; On                 ; On                 ;
; DSP Block Balancing                                                        ; Auto               ; Auto               ;
; NOT Gate Push-Back                                                         ; On                 ; On                 ;
; Power-Up Don't Care                                                        ; On                 ; On                 ;
; Remove Redundant Logic Cells                                               ; Off                ; Off                ;
; Remove Duplicate Registers                                                 ; On                 ; On                 ;
; Ignore CARRY Buffers                                                       ; Off                ; Off                ;
; Ignore CASCADE Buffers                                                     ; Off                ; Off                ;
; Ignore GLOBAL Buffers                                                      ; Off                ; Off                ;
; Ignore ROW GLOBAL Buffers                                                  ; Off                ; Off                ;
; Ignore LCELL Buffers                                                       ; Off                ; Off                ;
; Ignore SOFT Buffers                                                        ; On                 ; On                 ;
; Limit AHDL Integers to 32 Bits                                             ; Off                ; Off                ;
; Optimization Technique                                                     ; Balanced           ; Balanced           ;
; Carry Chain Length                                                         ; 70                 ; 70                 ;
; Auto Carry Chains                                                          ; On                 ; On                 ;
; Auto Open-Drain Pins                                                       ; On                 ; On                 ;
; Perform WYSIWYG Primitive Resynthesis                                      ; Off                ; Off                ;
; Auto ROM Replacement                                                       ; On                 ; On                 ;
; Auto RAM Replacement                                                       ; On                 ; On                 ;
; Auto DSP Block Replacement                                                 ; On                 ; On                 ;
; Auto Shift Register Replacement                                            ; Auto               ; Auto               ;
; Allow Shift Register Merging across Hierarchies                            ; Auto               ; Auto               ;
; Auto Clock Enable Replacement                                              ; On                 ; On                 ;
; Strict RAM Replacement                                                     ; Off                ; Off                ;
; Allow Synchronous Control Signals                                          ; On                 ; On                 ;
; Force Use of Synchronous Clear Signals                                     ; Off                ; Off                ;
; Auto RAM Block Balancing                                                   ; On                 ; On                 ;
; Auto RAM to Logic Cell Conversion                                          ; Off                ; Off                ;
; Auto Resource Sharing                                                      ; Off                ; Off                ;
; Allow Any RAM Size For Recognition                                         ; Off                ; Off                ;
; Allow Any ROM Size For Recognition                                         ; Off                ; Off                ;
; Allow Any Shift Register Size For Recognition                              ; Off                ; Off                ;
; Use LogicLock Constraints during Resource Balancing                        ; On                 ; On                 ;
; Ignore translate_off and synthesis_off directives                          ; Off                ; Off                ;
; Timing-Driven Synthesis                                                    ; On                 ; On                 ;
; Report Parameter Settings                                                  ; On                 ; On                 ;
; Report Source Assignments                                                  ; On                 ; On                 ;
; Report Connectivity Checks                                                 ; On                 ; On                 ;
; Ignore Maximum Fan-Out Assignments                                         ; Off                ; Off                ;
; Synchronization Register Chain Length                                      ; 2                  ; 2                  ;
; PowerPlay Power Optimization                                               ; Normal compilation ; Normal compilation ;
; HDL message level                                                          ; Level2             ; Level2             ;
; Suppress Register Optimization Related Messages                            ; Off                ; Off                ;
; Number of Removed Registers Reported in Synthesis Report                   ; 5000               ; 5000               ;
; Number of Swept Nodes Reported in Synthesis Report                         ; 5000               ; 5000               ;
; Number of Inverted Registers Reported in Synthesis Report                  ; 100                ; 100                ;
; Clock MUX Protection                                                       ; On                 ; On                 ;
; Auto Gated Clock Conversion                                                ; Off                ; Off                ;
; Block Design Naming                                                        ; Auto               ; Auto               ;
; SDC constraint protection                                                  ; Off                ; Off                ;
; Synthesis Effort                                                           ; Auto               ; Auto               ;
; Shift Register Replacement - Allow Asynchronous Clear Signal               ; On                 ; On                 ;
; Pre-Mapping Resynthesis Optimization                                       ; Off                ; Off                ;
; Analysis & Synthesis Message Level                                         ; Medium             ; Medium             ;
; Disable Register Merging Across Hierarchies                                ; Auto               ; Auto               ;
; Resource Aware Inference For Block RAM                                     ; On                 ; On                 ;
; Synthesis Seed                                                             ; 1                  ; 1                  ;
+----------------------------------------------------------------------------+--------------------+--------------------+


Parallel compilation was disabled, but you have multiple processors available. Enable parallel compilation to reduce compilation time.
+-------------------------------------+
; Parallel Compilation                ;
+----------------------------+--------+
; Processors                 ; Number ;
+----------------------------+--------+
; Number detected on machine ; 16     ;
; Maximum allowed            ; 1      ;
+----------------------------+--------+


+--------------------------------------------------------------------------------------------------------------------------------------------------------------------------------------+
; Analysis & Synthesis Source Files Read                                                                                                                                               ;
+----------------------------------+-----------------+------------------------+----------------------------------------------------------------------------------------------+---------+
; File Name with User-Entered Path ; Used in Netlist ; File Type              ; File Name with Absolute Path                                                                 ; Library ;
+----------------------------------+-----------------+------------------------+----------------------------------------------------------------------------------------------+---------+
; ../src/Topo.v                    ; yes             ; User Verilog HDL File  ; C:/Users/rober/Desktop/UFSC241/VHDL/PROJETOS/vhdl/PROJETO FINAL-20240524/src/Topo.v          ;         ;
; ../src/Datapath.v                ; yes             ; User Verilog HDL File  ; C:/Users/rober/Desktop/UFSC241/VHDL/PROJETOS/vhdl/PROJETO FINAL-20240524/src/Datapath.v      ;         ;
; ../src/Controle.v                ; yes             ; User Verilog HDL File  ; C:/Users/rober/Desktop/UFSC241/VHDL/PROJETOS/vhdl/PROJETO FINAL-20240524/src/Controle.v      ;         ;
; ../src/Mux4x1_4bits.v            ; yes             ; User Verilog HDL File  ; C:/Users/rober/Desktop/UFSC241/VHDL/PROJETOS/vhdl/PROJETO FINAL-20240524/src/Mux4x1_4bits.v  ;         ;
; ../src/Mux2x1_7bits.v            ; yes             ; User Verilog HDL File  ; C:/Users/rober/Desktop/UFSC241/VHDL/PROJETOS/vhdl/PROJETO FINAL-20240524/src/Mux2x1_7bits.v  ;         ;
; ../src/Dec7seg.v                 ; yes             ; User Verilog HDL File  ; C:/Users/rober/Desktop/UFSC241/VHDL/PROJETOS/vhdl/PROJETO FINAL-20240524/src/Dec7seg.v       ;         ;
; ../src/Counter_time.v            ; yes             ; User Verilog HDL File  ; C:/Users/rober/Desktop/UFSC241/VHDL/PROJETOS/vhdl/PROJETO FINAL-20240524/src/Counter_time.v  ;         ;
; ../src/Counter_round.v           ; yes             ; User Verilog HDL File  ; C:/Users/rober/Desktop/UFSC241/VHDL/PROJETOS/vhdl/PROJETO FINAL-20240524/src/Counter_round.v ;         ;
; ../src/FSM_clock.v               ; yes             ; User Verilog HDL File  ; C:/Users/rober/Desktop/UFSC241/VHDL/PROJETOS/vhdl/PROJETO FINAL-20240524/src/FSM_clock.v     ;         ;
+----------------------------------+-----------------+------------------------+----------------------------------------------------------------------------------------------+---------+


+----------------------------------------------------------------------------------+
; Analysis & Synthesis Resource Usage Summary                                      ;
+---------------------------------------------+------------------------------------+
; Resource                                    ; Usage                              ;
+---------------------------------------------+------------------------------------+
; Estimated Total logic elements              ; 2                                  ;
;                                             ;                                    ;
; Total combinational functions               ; 1                                  ;
; Logic element usage by number of LUT inputs ;                                    ;
;     -- 4 input functions                    ; 0                                  ;
;     -- 3 input functions                    ; 0                                  ;
;     -- <=2 input functions                  ; 1                                  ;
;                                             ;                                    ;
; Logic elements by mode                      ;                                    ;
;     -- normal mode                          ; 1                                  ;
;     -- arithmetic mode                      ; 0                                  ;
;                                             ;                                    ;
; Total registers                             ; 2                                  ;
;     -- Dedicated logic registers            ; 2                                  ;
;     -- I/O registers                        ; 0                                  ;
;                                             ;                                    ;
; I/O pins                                    ; 67                                 ;
; Embedded Multiplier 9-bit elements          ; 0                                  ;
; Maximum fan-out node                        ; Datapath:U0_DP|Counter_round:CR|tc ;
; Maximum fan-out                             ; 14                                 ;
; Total fan-out                               ; 86                                 ;
; Average fan-out                             ; 0.63                               ;
+---------------------------------------------+------------------------------------+


+-----------------------------------------------------------------------------------------------------------------------------------------------------------------------------------------------+
; Analysis & Synthesis Resource Utilization by Entity                                                                                                                                           ;
+----------------------------+-------------------+--------------+-------------+--------------+---------+-----------+------+--------------+---------------------------------------+--------------+
; Compilation Hierarchy Node ; LC Combinationals ; LC Registers ; Memory Bits ; DSP Elements ; DSP 9x9 ; DSP 18x18 ; Pins ; Virtual Pins ; Full Hierarchy Name                   ; Library Name ;
+----------------------------+-------------------+--------------+-------------+--------------+---------+-----------+------+--------------+---------------------------------------+--------------+
; |Topo                      ; 1 (0)             ; 2 (0)        ; 0           ; 0            ; 0       ; 0         ; 67   ; 0            ; |Topo                                 ; work         ;
;    |Controle:U1_FSM|       ; 1 (1)             ; 1 (1)        ; 0           ; 0            ; 0       ; 0         ; 0    ; 0            ; |Topo|Controle:U1_FSM                 ; work         ;
;    |Datapath:U0_DP|        ; 0 (0)             ; 1 (0)        ; 0           ; 0            ; 0       ; 0         ; 0    ; 0            ; |Topo|Datapath:U0_DP                  ; work         ;
;       |Counter_round:CR|   ; 0 (0)             ; 1 (1)        ; 0           ; 0            ; 0       ; 0         ; 0    ; 0            ; |Topo|Datapath:U0_DP|Counter_round:CR ; work         ;
+----------------------------+-------------------+--------------+-------------+--------------+---------+-----------+------+--------------+---------------------------------------+--------------+
Note: For table entries with two numbers listed, the numbers in parentheses indicate the number of resources of the given type used by the specific entity alone. The numbers listed outside of parentheses indicate the total resources of the given type used by the specific entity and all of its sub-entities in the hierarchy.


Encoding Type:  One-Hot
+---------------------------------------------------------------------------------------------------------------------------------+
; State Machine - |Topo|Controle:U1_FSM|state                                                                                     ;
+------------------+--------------+------------------+-------------+-----------------+-----------------+-------------+------------+
; Name             ; state.result ; state.next_round ; state.check ; state.play_user ; state.play_FPGA ; state.setup ; state.init ;
+------------------+--------------+------------------+-------------+-----------------+-----------------+-------------+------------+
; state.init       ; 0            ; 0                ; 0           ; 0               ; 0               ; 0           ; 0          ;
; state.setup      ; 0            ; 0                ; 0           ; 0               ; 0               ; 1           ; 1          ;
; state.play_FPGA  ; 0            ; 0                ; 0           ; 0               ; 1               ; 0           ; 1          ;
; state.play_user  ; 0            ; 0                ; 0           ; 1               ; 0               ; 0           ; 1          ;
; state.check      ; 0            ; 0                ; 1           ; 0               ; 0               ; 0           ; 1          ;
; state.next_round ; 0            ; 1                ; 0           ; 0               ; 0               ; 0           ; 1          ;
; state.result     ; 1            ; 0                ; 0           ; 0               ; 0               ; 0           ; 1          ;
+------------------+--------------+------------------+-------------+-----------------+-----------------+-------------+------------+


+-------------------------------------------------------------------------------------------+
; Registers Removed During Synthesis                                                        ;
+---------------------------------------------+---------------------------------------------+
; Register name                               ; Reason for Removal                          ;
+---------------------------------------------+---------------------------------------------+
; Datapath:U0_DP|Counter_round:CR|round[0..3] ; Stuck at GND due to stuck port clock_enable ;
; Controle:U1_FSM|state.check                 ; Lost fanout                                 ;
; Controle:U1_FSM|state.next_round            ; Lost fanout                                 ;
; Controle:U1_FSM|state~2                     ; Lost fanout                                 ;
; Controle:U1_FSM|state~3                     ; Lost fanout                                 ;
; Controle:U1_FSM|state~4                     ; Lost fanout                                 ;
; Controle:U1_FSM|state.setup                 ; Lost fanout                                 ;
; Controle:U1_FSM|state.play_FPGA             ; Lost fanout                                 ;
; Controle:U1_FSM|state.play_user             ; Stuck at GND due to stuck port data_in      ;
; Controle:U1_FSM|state.result                ; Stuck at GND due to stuck port data_in      ;
; Datapath:U0_DP|Counter_time:CT|tempo[0..3]  ; Stuck at GND due to stuck port clock_enable ;
; Datapath:U0_DP|Counter_time:CT|end_time     ; Stuck at GND due to stuck port clock_enable ;
; Total Number of Removed Registers = 18      ;                                             ;
+---------------------------------------------+---------------------------------------------+


+-----------------------------------------------------------------------------------------------------------------------------------------------------------------+
; Removed Registers Triggering Further Register Optimizations                                                                                                     ;
+------------------------------------------+--------------------------------+-------------------------------------------------------------------------------------+
; Register name                            ; Reason for Removal             ; Registers Removed due to This Register                                              ;
+------------------------------------------+--------------------------------+-------------------------------------------------------------------------------------+
; Controle:U1_FSM|state.play_user          ; Stuck at GND                   ; Controle:U1_FSM|state.result, Datapath:U0_DP|Counter_time:CT|tempo[0],              ;
;                                          ; due to stuck port data_in      ; Datapath:U0_DP|Counter_time:CT|tempo[1], Datapath:U0_DP|Counter_time:CT|tempo[2],   ;
;                                          ;                                ; Datapath:U0_DP|Counter_time:CT|tempo[3], Datapath:U0_DP|Counter_time:CT|end_time    ;
; Datapath:U0_DP|Counter_round:CR|round[0] ; Stuck at GND                   ; Datapath:U0_DP|Counter_round:CR|round[1], Datapath:U0_DP|Counter_round:CR|round[2], ;
;                                          ; due to stuck port clock_enable ; Datapath:U0_DP|Counter_round:CR|round[3]                                            ;
; Controle:U1_FSM|state~3                  ; Lost Fanouts                   ; Controle:U1_FSM|state.play_FPGA                                                     ;
+------------------------------------------+--------------------------------+-------------------------------------------------------------------------------------+


+------------------------------------------------------+
; General Register Statistics                          ;
+----------------------------------------------+-------+
; Statistic                                    ; Value ;
+----------------------------------------------+-------+
; Total registers                              ; 2     ;
; Number of registers using Synchronous Clear  ; 0     ;
; Number of registers using Synchronous Load   ; 0     ;
; Number of registers using Asynchronous Clear ; 1     ;
; Number of registers using Asynchronous Load  ; 0     ;
; Number of registers using Clock Enable       ; 0     ;
; Number of registers using Preset             ; 0     ;
+----------------------------------------------+-------+


+-------------------------------------------------------------------------------------------------------------------------------------------+
; Multiplexer Restructuring Statistics (Restructuring Performed)                                                                            ;
+--------------------+-----------+---------------+----------------------+------------------------+------------+-----------------------------+
; Multiplexer Inputs ; Bus Width ; Baseline Area ; Area if Restructured ; Saving if Restructured ; Registered ; Example Multiplexer Output  ;
+--------------------+-----------+---------------+----------------------+------------------------+------------+-----------------------------+
; 7:1                ; 2 bits    ; 8 LEs         ; 2 LEs                ; 6 LEs                  ; No         ; |Topo|Controle:U1_FSM|state ;
+--------------------+-----------+---------------+----------------------+------------------------+------------+-----------------------------+


+-------------------------------------------------------------------------------------------------------------------------------------------------------------------------+
; Port Connectivity Checks: "Datapath:U0_DP|Mux4x1_4bits:MUX10"                                                                                                           ;
+------+--------+----------+----------------------------------------------------------------------------------------------------------------------------------------------+
; Port ; Type   ; Severity ; Details                                                                                                                                      ;
+------+--------+----------+----------------------------------------------------------------------------------------------------------------------------------------------+
; ent0 ; Input  ; Warning  ; Input port expression (1 bits) is smaller than the input port (4 bits) it drives.  Extra input bit(s) "ent0[3..1]" will be connected to GND. ;
; ent1 ; Input  ; Warning  ; Input port expression (1 bits) is smaller than the input port (4 bits) it drives.  Extra input bit(s) "ent1[3..1]" will be connected to GND. ;
; ent2 ; Input  ; Warning  ; Input port expression (1 bits) is smaller than the input port (4 bits) it drives.  Extra input bit(s) "ent2[3..1]" will be connected to GND. ;
; ent3 ; Input  ; Warning  ; Input port expression (1 bits) is smaller than the input port (4 bits) it drives.  Extra input bit(s) "ent3[3..1]" will be connected to GND. ;
; out  ; Output ; Warning  ; Output or bidir port (4 bits) is wider than the port expression (1 bits) it drives; bit(s) "out[3..1]" have no fanouts                       ;
; out  ; Output ; Info     ; Connected to dangling logic. Logic that only feeds a dangling port will be removed.                                                          ;
+------+--------+----------+----------------------------------------------------------------------------------------------------------------------------------------------+


+--------------------------------------------------------------+
; Port Connectivity Checks: "Datapath:U0_DP|Mux2x1_7bits:MUX8" ;
+------------+-------+----------+------------------------------+
; Port       ; Type  ; Severity ; Details                      ;
+------------+-------+----------+------------------------------+
; ent1[4..3] ; Input ; Info     ; Stuck at VCC                 ;
; ent1[1..0] ; Input ; Info     ; Stuck at VCC                 ;
; ent1[6]    ; Input ; Info     ; Stuck at VCC                 ;
; ent1[5]    ; Input ; Info     ; Stuck at GND                 ;
; ent1[2]    ; Input ; Info     ; Stuck at GND                 ;
+------------+-------+----------+------------------------------+


+--------------------------------------------------------------+
; Port Connectivity Checks: "Datapath:U0_DP|Mux2x1_7bits:MUX6" ;
+------------+-------+----------+------------------------------+
; Port       ; Type  ; Severity ; Details                      ;
+------------+-------+----------+------------------------------+
; ent0[4..3] ; Input ; Info     ; Stuck at VCC                 ;
; ent0[1..0] ; Input ; Info     ; Stuck at VCC                 ;
; ent0[6]    ; Input ; Info     ; Stuck at VCC                 ;
; ent0[5]    ; Input ; Info     ; Stuck at GND                 ;
; ent0[2]    ; Input ; Info     ; Stuck at GND                 ;
; ent1[6..5] ; Input ; Info     ; Stuck at VCC                 ;
; ent1[2..0] ; Input ; Info     ; Stuck at VCC                 ;
; ent1[4..3] ; Input ; Info     ; Stuck at GND                 ;
+------------+-------+----------+------------------------------+


+--------------------------------------------------------------+
; Port Connectivity Checks: "Datapath:U0_DP|Mux2x1_7bits:MUX5" ;
+------------+-------+----------+------------------------------+
; Port       ; Type  ; Severity ; Details                      ;
+------------+-------+----------+------------------------------+
; ent1[3..0] ; Input ; Info     ; Stuck at VCC                 ;
; ent1[6..4] ; Input ; Info     ; Stuck at GND                 ;
+------------+-------+----------+------------------------------+


+--------------------------------------------------------------+
; Port Connectivity Checks: "Datapath:U0_DP|Mux2x1_7bits:MUX4" ;
+------------+-------+----------+------------------------------+
; Port       ; Type  ; Severity ; Details                      ;
+------------+-------+----------+------------------------------+
; ent0[3..0] ; Input ; Info     ; Stuck at VCC                 ;
; ent0[5..4] ; Input ; Info     ; Stuck at GND                 ;
; ent0[6]    ; Input ; Info     ; Stuck at VCC                 ;
; ent1[6..3] ; Input ; Info     ; Stuck at VCC                 ;
; ent1[1..0] ; Input ; Info     ; Stuck at VCC                 ;
; ent1[2]    ; Input ; Info     ; Stuck at GND                 ;
+------------+-------+----------+------------------------------+


+--------------------------------------------------------------+
; Port Connectivity Checks: "Datapath:U0_DP|Mux2x1_7bits:MUX2" ;
+------------+-------+----------+------------------------------+
; Port       ; Type  ; Severity ; Details                      ;
+------------+-------+----------+------------------------------+
; ent0[4..3] ; Input ; Info     ; Stuck at VCC                 ;
; ent0[1..0] ; Input ; Info     ; Stuck at VCC                 ;
; ent0[6]    ; Input ; Info     ; Stuck at VCC                 ;
; ent0[5]    ; Input ; Info     ; Stuck at GND                 ;
; ent0[2]    ; Input ; Info     ; Stuck at GND                 ;
; ent1[6..5] ; Input ; Info     ; Stuck at VCC                 ;
; ent1[2..0] ; Input ; Info     ; Stuck at VCC                 ;
; ent1[4..3] ; Input ; Info     ; Stuck at GND                 ;
+------------+-------+----------+------------------------------+


+---------------------------------------------------------+
; Port Connectivity Checks: "Datapath:U0_DP|Dec7seg:DEC0" ;
+---------+-------+----------+----------------------------+
; Port    ; Type  ; Severity ; Details                    ;
+---------+-------+----------+----------------------------+
; G[3..2] ; Input ; Info     ; Stuck at GND               ;
+---------+-------+----------+----------------------------+


+--------------------------------------------------------------+
; Port Connectivity Checks: "Datapath:U0_DP|Mux2x1_7bits:MUX1" ;
+------------+-------+----------+------------------------------+
; Port       ; Type  ; Severity ; Details                      ;
+------------+-------+----------+------------------------------+
; ent1[3..1] ; Input ; Info     ; Stuck at VCC                 ;
; ent1[6..4] ; Input ; Info     ; Stuck at GND                 ;
; ent1[0]    ; Input ; Info     ; Stuck at GND                 ;
+------------+-------+----------+------------------------------+


+--------------------------------------------------------------+
; Port Connectivity Checks: "Datapath:U0_DP|Mux2x1_7bits:MUX0" ;
+------------+-------+----------+------------------------------+
; Port       ; Type  ; Severity ; Details                      ;
+------------+-------+----------+------------------------------+
; ent0[4..3] ; Input ; Info     ; Stuck at VCC                 ;
; ent0[1..0] ; Input ; Info     ; Stuck at VCC                 ;
; ent0[6]    ; Input ; Info     ; Stuck at VCC                 ;
; ent0[5]    ; Input ; Info     ; Stuck at GND                 ;
; ent0[2]    ; Input ; Info     ; Stuck at GND                 ;
; ent1[2..0] ; Input ; Info     ; Stuck at VCC                 ;
; ent1[5..3] ; Input ; Info     ; Stuck at GND                 ;
; ent1[6]    ; Input ; Info     ; Stuck at VCC                 ;
+------------+-------+----------+------------------------------+


+---------------------------------------------------+
; Port Connectivity Checks: "Datapath:U0_DP"        ;
+------+--------+----------+------------------------+
; Port ; Type   ; Severity ; Details                ;
+------+--------+----------+------------------------+
; leds ; Output ; Info     ; Explicitly unconnected ;
+------+--------+----------+------------------------+


+-------------------------------+
; Elapsed Time Per Partition    ;
+----------------+--------------+
; Partition Name ; Elapsed Time ;
+----------------+--------------+
; Top            ; 00:00:00     ;
+----------------+--------------+


+-------------------------------+
; Analysis & Synthesis Messages ;
+-------------------------------+
Info: *******************************************************************
Info: Running Quartus II 64-Bit Analysis & Synthesis
    Info: Version 13.1.0 Build 162 10/23/2013 SJ Web Edition
    Info: Processing started: Tue Jun 25 00:56:31 2024
Info: Command: quartus_map --read_settings_files=on --write_settings_files=off genius_prj -c Topo
Warning (20028): Parallel compilation is not licensed and has been disabled
Info (12021): Found 1 design units, including 1 entities, in source file /users/rober/desktop/ufsc241/vhdl/projetos/vhdl/projeto final-20240524/src/mux4x1_1bit.v
    Info (12023): Found entity 1: Mux4x1_1bit
Info (12021): Found 1 design units, including 1 entities, in source file /users/rober/desktop/ufsc241/vhdl/projetos/vhdl/projeto final-20240524/src/seq1.v
    Info (12023): Found entity 1: SEQ1
Info (12021): Found 1 design units, including 1 entities, in source file /users/rober/desktop/ufsc241/vhdl/projetos/vhdl/projeto final-20240524/src/topo.v
    Info (12023): Found entity 1: Topo
Info (12021): Found 1 design units, including 1 entities, in source file /users/rober/desktop/ufsc241/vhdl/projetos/vhdl/projeto final-20240524/src/datapath.v
    Info (12023): Found entity 1: Datapath
Info (12021): Found 1 design units, including 1 entities, in source file /users/rober/desktop/ufsc241/vhdl/projetos/vhdl/projeto final-20240524/src/controle.v
    Info (12023): Found entity 1: Controle
Info (12021): Found 1 design units, including 1 entities, in source file /users/rober/desktop/ufsc241/vhdl/projetos/vhdl/projeto final-20240524/src/mux4x1_4bits.v
    Info (12023): Found entity 1: Mux4x1_4bits
Info (12021): Found 1 design units, including 1 entities, in source file /users/rober/desktop/ufsc241/vhdl/projetos/vhdl/projeto final-20240524/src/mux2x1_7bits.v
    Info (12023): Found entity 1: Mux2x1_7bits
Info (12021): Found 1 design units, including 1 entities, in source file /users/rober/desktop/ufsc241/vhdl/projetos/vhdl/projeto final-20240524/src/dec7seg.v
    Info (12023): Found entity 1: Dec7seg
Info (12021): Found 1 design units, including 1 entities, in source file /users/rober/desktop/ufsc241/vhdl/projetos/vhdl/projeto final-20240524/src/reg_setup.v
    Info (12023): Found entity 1: Reg_setup
Info (12021): Found 1 design units, including 1 entities, in source file /users/rober/desktop/ufsc241/vhdl/projetos/vhdl/projeto final-20240524/src/reg_fpga.v
    Info (12023): Found entity 1: Reg_fgpa
Info (12021): Found 1 design units, including 1 entities, in source file /users/rober/desktop/ufsc241/vhdl/projetos/vhdl/projeto final-20240524/src/reg_user.v
    Info (12023): Found entity 1: Reg_fgpa2
Info (12021): Found 1 design units, including 1 entities, in source file /users/rober/desktop/ufsc241/vhdl/projetos/vhdl/projeto final-20240524/src/decseq.v
    Info (12023): Found entity 1: DecSeq
Info (12021): Found 1 design units, including 1 entities, in source file /users/rober/desktop/ufsc241/vhdl/projetos/vhdl/projeto final-20240524/src/counter_time.v
    Info (12023): Found entity 1: Counter_time
Info (12021): Found 1 design units, including 1 entities, in source file /users/rober/desktop/ufsc241/vhdl/projetos/vhdl/projeto final-20240524/src/counter_round.v
    Info (12023): Found entity 1: Counter_round
Info (12021): Found 1 design units, including 1 entities, in source file /users/rober/desktop/ufsc241/vhdl/projetos/vhdl/projeto final-20240524/src/counter_divide.v
    Info (12023): Found entity 1: Counter_divider
Info (12021): Found 1 design units, including 1 entities, in source file /users/rober/desktop/ufsc241/vhdl/projetos/vhdl/projeto final-20240524/src/fsm_clock.v
    Info (12023): Found entity 1: FSM_clock
Info (12021): Found 1 design units, including 1 entities, in source file /users/rober/desktop/ufsc241/vhdl/projetos/vhdl/projeto final-20240524/src/counter_fpga.v
    Info (12023): Found entity 1: Counter_FPGA
Info (12127): Elaborating entity "Topo" for the top level hierarchy
Warning (10034): Output port "ledr" at Topo.v(40) has no driver
Info (12128): Elaborating entity "Datapath" for hierarchy "Datapath:U0_DP"
Warning (10034): Output port "leds" at Datapath.v(59) has no driver
Warning (10034): Output port "end_fpga" at Datapath.v(60) has no driver
Warning (10034): Output port "end_user" at Datapath.v(61) has no driver
Warning (10034): Output port "match" at Datapath.v(64) has no driver
Info (12128): Elaborating entity "Counter_time" for hierarchy "Datapath:U0_DP|Counter_time:CT"
Info (12128): Elaborating entity "Counter_round" for hierarchy "Datapath:U0_DP|Counter_round:CR"
Info (12128): Elaborating entity "Mux2x1_7bits" for hierarchy "Datapath:U0_DP|Mux2x1_7bits:MUX0"
Warning (10240): Verilog HDL Always Construct warning at Mux2x1_7bits.v(32): inferring latch(es) for variable "out", which holds its previous value in one or more paths through the always construct
Info (10041): Inferred latch for "out[0]" at Mux2x1_7bits.v(32)
Info (10041): Inferred latch for "out[1]" at Mux2x1_7bits.v(32)
Info (10041): Inferred latch for "out[2]" at Mux2x1_7bits.v(32)
Info (10041): Inferred latch for "out[3]" at Mux2x1_7bits.v(32)
Info (10041): Inferred latch for "out[4]" at Mux2x1_7bits.v(32)
Info (10041): Inferred latch for "out[5]" at Mux2x1_7bits.v(32)
Info (10041): Inferred latch for "out[6]" at Mux2x1_7bits.v(32)
Info (12128): Elaborating entity "Dec7seg" for hierarchy "Datapath:U0_DP|Dec7seg:DEC0"
Info (12128): Elaborating entity "FSM_clock" for hierarchy "Datapath:U0_DP|FSM_clock:FSM"
Warning (10230): Verilog HDL assignment warning at FSM_clock.v(31): truncated value with size 32 to match size of target (1)
Warning (10230): Verilog HDL assignment warning at FSM_clock.v(32): truncated value with size 32 to match size of target (1)
Warning (10230): Verilog HDL assignment warning at FSM_clock.v(33): truncated value with size 32 to match size of target (1)
Warning (10230): Verilog HDL assignment warning at FSM_clock.v(34): truncated value with size 32 to match size of target (1)
Warning (10240): Verilog HDL Always Construct warning at FSM_clock.v(27): inferring latch(es) for variable "c025Hz", which holds its previous value in one or more paths through the always construct
Warning (10240): Verilog HDL Always Construct warning at FSM_clock.v(27): inferring latch(es) for variable "c05Hz", which holds its previous value in one or more paths through the always construct
Warning (10240): Verilog HDL Always Construct warning at FSM_clock.v(27): inferring latch(es) for variable "c1Hz", which holds its previous value in one or more paths through the always construct
Warning (10240): Verilog HDL Always Construct warning at FSM_clock.v(27): inferring latch(es) for variable "c2Hz", which holds its previous value in one or more paths through the always construct
Info (10041): Inferred latch for "c2Hz" at FSM_clock.v(27)
Info (10041): Inferred latch for "c1Hz" at FSM_clock.v(27)
Info (10041): Inferred latch for "c05Hz" at FSM_clock.v(27)
Info (10041): Inferred latch for "c025Hz" at FSM_clock.v(27)
Info (12128): Elaborating entity "Mux4x1_4bits" for hierarchy "Datapath:U0_DP|Mux4x1_4bits:MUX10"
Warning (10240): Verilog HDL Always Construct warning at Mux4x1_4bits.v(36): inferring latch(es) for variable "out", which holds its previous value in one or more paths through the always construct
Info (10041): Inferred latch for "out[0]" at Mux4x1_4bits.v(39)
Info (10041): Inferred latch for "out[1]" at Mux4x1_4bits.v(39)
Info (10041): Inferred latch for "out[2]" at Mux4x1_4bits.v(39)
Info (10041): Inferred latch for "out[3]" at Mux4x1_4bits.v(39)
Info (12128): Elaborating entity "Controle" for hierarchy "Controle:U1_FSM"
Warning (10235): Verilog HDL Always Construct warning at Controle.v(66): variable "enter" is read inside the Always Construct but isn't in the Always Construct's Event Control
Warning (12011): Net is missing source, defaulting to GND
    Warning (12110): Net "Datapath:U0_DP|setup[7]" is missing source, defaulting to GND
    Warning (12110): Net "Datapath:U0_DP|setup[6]" is missing source, defaulting to GND
Warning (12241): 1 hierarchies have connectivity warnings - see the Connectivity Checks report folder
Warning (13024): Output pins are stuck at VCC or GND
    Warning (13410): Pin "ledr[0]" is stuck at GND
    Warning (13410): Pin "ledr[1]" is stuck at GND
    Warning (13410): Pin "ledr[2]" is stuck at GND
    Warning (13410): Pin "ledr[3]" is stuck at GND
    Warning (13410): Pin "ledr[4]" is stuck at GND
    Warning (13410): Pin "ledr[5]" is stuck at GND
    Warning (13410): Pin "ledr[6]" is stuck at GND
    Warning (13410): Pin "ledr[7]" is stuck at GND
    Warning (13410): Pin "ledr[8]" is stuck at GND
    Warning (13410): Pin "ledr[9]" is stuck at GND
    Warning (13410): Pin "hex0[0]" is stuck at GND
    Warning (13410): Pin "hex0[1]" is stuck at GND
    Warning (13410): Pin "hex0[2]" is stuck at GND
    Warning (13410): Pin "hex0[3]" is stuck at GND
    Warning (13410): Pin "hex0[4]" is stuck at GND
    Warning (13410): Pin "hex0[5]" is stuck at GND
    Warning (13410): Pin "hex0[6]" is stuck at VCC
    Warning (13410): Pin "hex1[0]" is stuck at GND
    Warning (13410): Pin "hex1[1]" is stuck at GND
    Warning (13410): Pin "hex1[2]" is stuck at GND
    Warning (13410): Pin "hex1[3]" is stuck at GND
    Warning (13410): Pin "hex1[4]" is stuck at GND
    Warning (13410): Pin "hex1[5]" is stuck at GND
    Warning (13410): Pin "hex1[6]" is stuck at VCC
    Warning (13410): Pin "hex2[0]" is stuck at VCC
    Warning (13410): Pin "hex2[1]" is stuck at VCC
    Warning (13410): Pin "hex2[6]" is stuck at VCC
    Warning (13410): Pin "hex3[0]" is stuck at VCC
    Warning (13410): Pin "hex3[1]" is stuck at VCC
    Warning (13410): Pin "hex3[3]" is stuck at VCC
    Warning (13410): Pin "hex3[6]" is stuck at VCC
    Warning (13410): Pin "hex4[0]" is stuck at VCC
    Warning (13410): Pin "hex4[1]" is stuck at VCC
    Warning (13410): Pin "hex4[6]" is stuck at VCC
    Warning (13410): Pin "hex5[0]" is stuck at VCC
    Warning (13410): Pin "hex5[1]" is stuck at VCC
    Warning (13410): Pin "hex5[5]" is stuck at GND
    Warning (13410): Pin "hex5[6]" is stuck at VCC
Info (286030): Timing-Driven Synthesis is running
Info (17049): 7 registers lost all their fanouts during netlist optimizations.
Info (16010): Generating hard_block partition "hard_block:auto_generated_inst"
    Info (16011): Adding 0 node(s), including 0 DDIO, 0 PLL, 0 transceiver and 0 LCELL
Warning (21074): Design contains 13 input pin(s) that do not drive logic
    Warning (15610): No output dependent on input pin "key[0]"
    Warning (15610): No output dependent on input pin "key[1]"
    Warning (15610): No output dependent on input pin "key[2]"
    Warning (15610): No output dependent on input pin "key[3]"
    Warning (15610): No output dependent on input pin "sw[2]"
    Warning (15610): No output dependent on input pin "sw[3]"
    Warning (15610): No output dependent on input pin "sw[4]"
    Warning (15610): No output dependent on input pin "sw[5]"
    Warning (15610): No output dependent on input pin "sw[6]"
    Warning (15610): No output dependent on input pin "sw[7]"
    Warning (15610): No output dependent on input pin "sw[8]"
    Warning (15610): No output dependent on input pin "sw[9]"
    Warning (15610): No output dependent on input pin "sw[0]"
Info (21057): Implemented 69 device resources after synthesis - the final resource count might be different
    Info (21058): Implemented 15 input pins
    Info (21059): Implemented 52 output pins
    Info (21061): Implemented 2 logic cells
Info: Quartus II 64-Bit Analysis & Synthesis was successful. 0 errors, 74 warnings
    Info: Peak virtual memory: 4622 megabytes
    Info: Processing ended: Tue Jun 25 00:56:32 2024
    Info: Elapsed time: 00:00:01
    Info: Total CPU time (on all processors): 00:00:00


